// Jest Snapshot v1, https://goo.gl/fbAQLP

exports[`<FormReservation /> Matches the snapshot 1`] = `
<div
  className="reservation-box"
>
  <h3
    id="reservation-box-title"
  >
    Trouvez le véhicule parfait dès aujourd'hui
  </h3>
  <form
    action=""
    className="form-reservation"
    onSubmit={[Function]}
  >
    <div
      className="form-reservation-row"
    >
      <div
        className="reservation-row-item"
      >
        <p
          className="reservation-label"
        >
          Ville
        </p>
        <input
          id="selectCityInput"
          onChange={[Function]}
          type="text"
          value=""
        />
      </div>
    </div>
    <p
      className="reservation-label"
    >
      Durée du trajet
    </p>
    <div
      className="form-reservation-row"
    >
      <div
        className="react-calendar react-calendar--selectRange"
      >
        <div
          className="react-calendar__navigation"
          style={
            Object {
              "display": "flex",
            }
          }
        >
          <button
            aria-label=""
            className="react-calendar__navigation__arrow react-calendar__navigation__prev2-button"
            disabled={true}
            onClick={[Function]}
            type="button"
          >
            «
          </button>
          <button
            aria-label=""
            className="react-calendar__navigation__arrow react-calendar__navigation__prev-button"
            disabled={true}
            onClick={[Function]}
            type="button"
          >
            ‹
          </button>
          <button
            aria-label=""
            className="react-calendar__navigation__label"
            disabled={false}
            onClick={[Function]}
            style={
              Object {
                "flexGrow": 1,
              }
            }
            type="button"
          >
            January 2020
          </button>
          <button
            aria-label=""
            className="react-calendar__navigation__arrow react-calendar__navigation__next-button"
            onClick={[Function]}
            type="button"
          >
            ›
          </button>
          <button
            aria-label=""
            className="react-calendar__navigation__arrow react-calendar__navigation__next2-button"
            onClick={[Function]}
            type="button"
          >
            »
          </button>
        </div>
        <div
          className="react-calendar__viewContainer"
          onBlur={[Function]}
          onMouseLeave={[Function]}
        >
          <div
            className="react-calendar__month-view "
          >
            <div
              style={
                Object {
                  "alignItems": "flex-end",
                  "display": "flex",
                }
              }
            >
              <div
                style={
                  Object {
                    "flexGrow": 1,
                    "width": "100%",
                  }
                }
              >
                <div
                  className="react-calendar__month-view__weekdays"
                  onFocus={[Function]}
                  onMouseOver={[Function]}
                  style={
                    Object {
                      "display": "flex",
                      "flexDirection": undefined,
                      "flexWrap": "no-wrap",
                    }
                  }
                >
                  <div
                    className="react-calendar__month-view__weekdays__weekday"
                    style={
                      Object {
                        "flexBasis": "14.285714285714286%",
                        "marginLeft": null,
                        "maxWidth": "14.285714285714286%",
                        "overflow": "hidden",
                      }
                    }
                  >
                    <abbr
                      aria-label="Monday"
                      title="Monday"
                    >
                      Mon
                    </abbr>
                  </div>
                  <div
                    className="react-calendar__month-view__weekdays__weekday"
                    style={
                      Object {
                        "flexBasis": "14.285714285714286%",
                        "marginLeft": null,
                        "maxWidth": "14.285714285714286%",
                        "overflow": "hidden",
                      }
                    }
                  >
                    <abbr
                      aria-label="Tuesday"
                      title="Tuesday"
                    >
                      Tue
                    </abbr>
                  </div>
                  <div
                    className="react-calendar__month-view__weekdays__weekday"
                    style={
                      Object {
                        "flexBasis": "14.285714285714286%",
                        "marginLeft": null,
                        "maxWidth": "14.285714285714286%",
                        "overflow": "hidden",
                      }
                    }
                  >
                    <abbr
                      aria-label="Wednesday"
                      title="Wednesday"
                    >
                      Wed
                    </abbr>
                  </div>
                  <div
                    className="react-calendar__month-view__weekdays__weekday"
                    style={
                      Object {
                        "flexBasis": "14.285714285714286%",
                        "marginLeft": null,
                        "maxWidth": "14.285714285714286%",
                        "overflow": "hidden",
                      }
                    }
                  >
                    <abbr
                      aria-label="Thursday"
                      title="Thursday"
                    >
                      Thu
                    </abbr>
                  </div>
                  <div
                    className="react-calendar__month-view__weekdays__weekday"
                    style={
                      Object {
                        "flexBasis": "14.285714285714286%",
                        "marginLeft": null,
                        "maxWidth": "14.285714285714286%",
                        "overflow": "hidden",
                      }
                    }
                  >
                    <abbr
                      aria-label="Friday"
                      title="Friday"
                    >
                      Fri
                    </abbr>
                  </div>
                  <div
                    className="react-calendar__month-view__weekdays__weekday"
                    style={
                      Object {
                        "flexBasis": "14.285714285714286%",
                        "marginLeft": null,
                        "maxWidth": "14.285714285714286%",
                        "overflow": "hidden",
                      }
                    }
                  >
                    <abbr
                      aria-label="Saturday"
                      title="Saturday"
                    >
                      Sat
                    </abbr>
                  </div>
                  <div
                    className="react-calendar__month-view__weekdays__weekday"
                    style={
                      Object {
                        "flexBasis": "14.285714285714286%",
                        "marginLeft": null,
                        "maxWidth": "14.285714285714286%",
                        "overflow": "hidden",
                      }
                    }
                  >
                    <abbr
                      aria-label="Sunday"
                      title="Sunday"
                    >
                      Sun
                    </abbr>
                  </div>
                </div>
                <div
                  className="react-calendar__month-view__days"
                  style={
                    Object {
                      "display": "flex",
                      "flexDirection": undefined,
                      "flexWrap": "wrap",
                    }
                  }
                >
                  <button
                    className="react-calendar__tile react-calendar__month-view__days__day react-calendar__month-view__days__day--neighboringMonth"
                    disabled={true}
                    onClick={[Function]}
                    onFocus={[Function]}
                    onMouseOver={[Function]}
                    style={
                      Object {
                        "flexBasis": "14.285714285714286%",
                        "marginLeft": null,
                        "maxWidth": "14.285714285714286%",
                        "overflow": "hidden",
                      }
                    }
                    type="button"
                  >
                    <abbr
                      aria-label="December 30, 2019"
                    >
                      30
                    </abbr>
                  </button>
                  <button
                    className="react-calendar__tile react-calendar__month-view__days__day react-calendar__month-view__days__day--neighboringMonth"
                    disabled={true}
                    onClick={[Function]}
                    onFocus={[Function]}
                    onMouseOver={[Function]}
                    style={
                      Object {
                        "flexBasis": "14.285714285714286%",
                        "marginLeft": null,
                        "maxWidth": "14.285714285714286%",
                        "overflow": "hidden",
                      }
                    }
                    type="button"
                  >
                    <abbr
                      aria-label="December 31, 2019"
                    >
                      31
                    </abbr>
                  </button>
                  <button
                    className="react-calendar__tile react-calendar__month-view__days__day"
                    disabled={true}
                    onClick={[Function]}
                    onFocus={[Function]}
                    onMouseOver={[Function]}
                    style={
                      Object {
                        "flexBasis": "14.285714285714286%",
                        "marginLeft": null,
                        "maxWidth": "14.285714285714286%",
                        "overflow": "hidden",
                      }
                    }
                    type="button"
                  >
                    <abbr
                      aria-label="January 1, 2020"
                    >
                      1
                    </abbr>
                  </button>
                  <button
                    className="react-calendar__tile react-calendar__month-view__days__day"
                    disabled={true}
                    onClick={[Function]}
                    onFocus={[Function]}
                    onMouseOver={[Function]}
                    style={
                      Object {
                        "flexBasis": "14.285714285714286%",
                        "marginLeft": null,
                        "maxWidth": "14.285714285714286%",
                        "overflow": "hidden",
                      }
                    }
                    type="button"
                  >
                    <abbr
                      aria-label="January 2, 2020"
                    >
                      2
                    </abbr>
                  </button>
                  <button
                    className="react-calendar__tile react-calendar__month-view__days__day"
                    disabled={true}
                    onClick={[Function]}
                    onFocus={[Function]}
                    onMouseOver={[Function]}
                    style={
                      Object {
                        "flexBasis": "14.285714285714286%",
                        "marginLeft": null,
                        "maxWidth": "14.285714285714286%",
                        "overflow": "hidden",
                      }
                    }
                    type="button"
                  >
                    <abbr
                      aria-label="January 3, 2020"
                    >
                      3
                    </abbr>
                  </button>
                  <button
                    className="react-calendar__tile react-calendar__tile--now react-calendar__month-view__days__day react-calendar__month-view__days__day--weekend"
                    onClick={[Function]}
                    onFocus={[Function]}
                    onMouseOver={[Function]}
                    style={
                      Object {
                        "flexBasis": "14.285714285714286%",
                        "marginLeft": null,
                        "maxWidth": "14.285714285714286%",
                        "overflow": "hidden",
                      }
                    }
                    type="button"
                  >
                    <abbr
                      aria-label="January 4, 2020"
                    >
                      4
                    </abbr>
                  </button>
                  <button
                    className="react-calendar__tile react-calendar__month-view__days__day react-calendar__month-view__days__day--weekend"
                    onClick={[Function]}
                    onFocus={[Function]}
                    onMouseOver={[Function]}
                    style={
                      Object {
                        "flexBasis": "14.285714285714286%",
                        "marginLeft": null,
                        "maxWidth": "14.285714285714286%",
                        "overflow": "hidden",
                      }
                    }
                    type="button"
                  >
                    <abbr
                      aria-label="January 5, 2020"
                    >
                      5
                    </abbr>
                  </button>
                  <button
                    className="react-calendar__tile react-calendar__month-view__days__day"
                    onClick={[Function]}
                    onFocus={[Function]}
                    onMouseOver={[Function]}
                    style={
                      Object {
                        "flexBasis": "14.285714285714286%",
                        "marginLeft": null,
                        "maxWidth": "14.285714285714286%",
                        "overflow": "hidden",
                      }
                    }
                    type="button"
                  >
                    <abbr
                      aria-label="January 6, 2020"
                    >
                      6
                    </abbr>
                  </button>
                  <button
                    className="react-calendar__tile react-calendar__month-view__days__day"
                    onClick={[Function]}
                    onFocus={[Function]}
                    onMouseOver={[Function]}
                    style={
                      Object {
                        "flexBasis": "14.285714285714286%",
                        "marginLeft": null,
                        "maxWidth": "14.285714285714286%",
                        "overflow": "hidden",
                      }
                    }
                    type="button"
                  >
                    <abbr
                      aria-label="January 7, 2020"
                    >
                      7
                    </abbr>
                  </button>
                  <button
                    className="react-calendar__tile react-calendar__month-view__days__day"
                    onClick={[Function]}
                    onFocus={[Function]}
                    onMouseOver={[Function]}
                    style={
                      Object {
                        "flexBasis": "14.285714285714286%",
                        "marginLeft": null,
                        "maxWidth": "14.285714285714286%",
                        "overflow": "hidden",
                      }
                    }
                    type="button"
                  >
                    <abbr
                      aria-label="January 8, 2020"
                    >
                      8
                    </abbr>
                  </button>
                  <button
                    className="react-calendar__tile react-calendar__month-view__days__day"
                    onClick={[Function]}
                    onFocus={[Function]}
                    onMouseOver={[Function]}
                    style={
                      Object {
                        "flexBasis": "14.285714285714286%",
                        "marginLeft": null,
                        "maxWidth": "14.285714285714286%",
                        "overflow": "hidden",
                      }
                    }
                    type="button"
                  >
                    <abbr
                      aria-label="January 9, 2020"
                    >
                      9
                    </abbr>
                  </button>
                  <button
                    className="react-calendar__tile react-calendar__month-view__days__day"
                    onClick={[Function]}
                    onFocus={[Function]}
                    onMouseOver={[Function]}
                    style={
                      Object {
                        "flexBasis": "14.285714285714286%",
                        "marginLeft": null,
                        "maxWidth": "14.285714285714286%",
                        "overflow": "hidden",
                      }
                    }
                    type="button"
                  >
                    <abbr
                      aria-label="January 10, 2020"
                    >
                      10
                    </abbr>
                  </button>
                  <button
                    className="react-calendar__tile react-calendar__month-view__days__day react-calendar__month-view__days__day--weekend"
                    onClick={[Function]}
                    onFocus={[Function]}
                    onMouseOver={[Function]}
                    style={
                      Object {
                        "flexBasis": "14.285714285714286%",
                        "marginLeft": null,
                        "maxWidth": "14.285714285714286%",
                        "overflow": "hidden",
                      }
                    }
                    type="button"
                  >
                    <abbr
                      aria-label="January 11, 2020"
                    >
                      11
                    </abbr>
                  </button>
                  <button
                    className="react-calendar__tile react-calendar__month-view__days__day react-calendar__month-view__days__day--weekend"
                    onClick={[Function]}
                    onFocus={[Function]}
                    onMouseOver={[Function]}
                    style={
                      Object {
                        "flexBasis": "14.285714285714286%",
                        "marginLeft": null,
                        "maxWidth": "14.285714285714286%",
                        "overflow": "hidden",
                      }
                    }
                    type="button"
                  >
                    <abbr
                      aria-label="January 12, 2020"
                    >
                      12
                    </abbr>
                  </button>
                  <button
                    className="react-calendar__tile react-calendar__month-view__days__day"
                    onClick={[Function]}
                    onFocus={[Function]}
                    onMouseOver={[Function]}
                    style={
                      Object {
                        "flexBasis": "14.285714285714286%",
                        "marginLeft": null,
                        "maxWidth": "14.285714285714286%",
                        "overflow": "hidden",
                      }
                    }
                    type="button"
                  >
                    <abbr
                      aria-label="January 13, 2020"
                    >
                      13
                    </abbr>
                  </button>
                  <button
                    className="react-calendar__tile react-calendar__month-view__days__day"
                    onClick={[Function]}
                    onFocus={[Function]}
                    onMouseOver={[Function]}
                    style={
                      Object {
                        "flexBasis": "14.285714285714286%",
                        "marginLeft": null,
                        "maxWidth": "14.285714285714286%",
                        "overflow": "hidden",
                      }
                    }
                    type="button"
                  >
                    <abbr
                      aria-label="January 14, 2020"
                    >
                      14
                    </abbr>
                  </button>
                  <button
                    className="react-calendar__tile react-calendar__month-view__days__day"
                    onClick={[Function]}
                    onFocus={[Function]}
                    onMouseOver={[Function]}
                    style={
                      Object {
                        "flexBasis": "14.285714285714286%",
                        "marginLeft": null,
                        "maxWidth": "14.285714285714286%",
                        "overflow": "hidden",
                      }
                    }
                    type="button"
                  >
                    <abbr
                      aria-label="January 15, 2020"
                    >
                      15
                    </abbr>
                  </button>
                  <button
                    className="react-calendar__tile react-calendar__month-view__days__day"
                    onClick={[Function]}
                    onFocus={[Function]}
                    onMouseOver={[Function]}
                    style={
                      Object {
                        "flexBasis": "14.285714285714286%",
                        "marginLeft": null,
                        "maxWidth": "14.285714285714286%",
                        "overflow": "hidden",
                      }
                    }
                    type="button"
                  >
                    <abbr
                      aria-label="January 16, 2020"
                    >
                      16
                    </abbr>
                  </button>
                  <button
                    className="react-calendar__tile react-calendar__month-view__days__day"
                    onClick={[Function]}
                    onFocus={[Function]}
                    onMouseOver={[Function]}
                    style={
                      Object {
                        "flexBasis": "14.285714285714286%",
                        "marginLeft": null,
                        "maxWidth": "14.285714285714286%",
                        "overflow": "hidden",
                      }
                    }
                    type="button"
                  >
                    <abbr
                      aria-label="January 17, 2020"
                    >
                      17
                    </abbr>
                  </button>
                  <button
                    className="react-calendar__tile react-calendar__month-view__days__day react-calendar__month-view__days__day--weekend"
                    onClick={[Function]}
                    onFocus={[Function]}
                    onMouseOver={[Function]}
                    style={
                      Object {
                        "flexBasis": "14.285714285714286%",
                        "marginLeft": null,
                        "maxWidth": "14.285714285714286%",
                        "overflow": "hidden",
                      }
                    }
                    type="button"
                  >
                    <abbr
                      aria-label="January 18, 2020"
                    >
                      18
                    </abbr>
                  </button>
                  <button
                    className="react-calendar__tile react-calendar__month-view__days__day react-calendar__month-view__days__day--weekend"
                    onClick={[Function]}
                    onFocus={[Function]}
                    onMouseOver={[Function]}
                    style={
                      Object {
                        "flexBasis": "14.285714285714286%",
                        "marginLeft": null,
                        "maxWidth": "14.285714285714286%",
                        "overflow": "hidden",
                      }
                    }
                    type="button"
                  >
                    <abbr
                      aria-label="January 19, 2020"
                    >
                      19
                    </abbr>
                  </button>
                  <button
                    className="react-calendar__tile react-calendar__month-view__days__day"
                    onClick={[Function]}
                    onFocus={[Function]}
                    onMouseOver={[Function]}
                    style={
                      Object {
                        "flexBasis": "14.285714285714286%",
                        "marginLeft": null,
                        "maxWidth": "14.285714285714286%",
                        "overflow": "hidden",
                      }
                    }
                    type="button"
                  >
                    <abbr
                      aria-label="January 20, 2020"
                    >
                      20
                    </abbr>
                  </button>
                  <button
                    className="react-calendar__tile react-calendar__month-view__days__day"
                    onClick={[Function]}
                    onFocus={[Function]}
                    onMouseOver={[Function]}
                    style={
                      Object {
                        "flexBasis": "14.285714285714286%",
                        "marginLeft": null,
                        "maxWidth": "14.285714285714286%",
                        "overflow": "hidden",
                      }
                    }
                    type="button"
                  >
                    <abbr
                      aria-label="January 21, 2020"
                    >
                      21
                    </abbr>
                  </button>
                  <button
                    className="react-calendar__tile react-calendar__month-view__days__day"
                    onClick={[Function]}
                    onFocus={[Function]}
                    onMouseOver={[Function]}
                    style={
                      Object {
                        "flexBasis": "14.285714285714286%",
                        "marginLeft": null,
                        "maxWidth": "14.285714285714286%",
                        "overflow": "hidden",
                      }
                    }
                    type="button"
                  >
                    <abbr
                      aria-label="January 22, 2020"
                    >
                      22
                    </abbr>
                  </button>
                  <button
                    className="react-calendar__tile react-calendar__month-view__days__day"
                    onClick={[Function]}
                    onFocus={[Function]}
                    onMouseOver={[Function]}
                    style={
                      Object {
                        "flexBasis": "14.285714285714286%",
                        "marginLeft": null,
                        "maxWidth": "14.285714285714286%",
                        "overflow": "hidden",
                      }
                    }
                    type="button"
                  >
                    <abbr
                      aria-label="January 23, 2020"
                    >
                      23
                    </abbr>
                  </button>
                  <button
                    className="react-calendar__tile react-calendar__month-view__days__day"
                    onClick={[Function]}
                    onFocus={[Function]}
                    onMouseOver={[Function]}
                    style={
                      Object {
                        "flexBasis": "14.285714285714286%",
                        "marginLeft": null,
                        "maxWidth": "14.285714285714286%",
                        "overflow": "hidden",
                      }
                    }
                    type="button"
                  >
                    <abbr
                      aria-label="January 24, 2020"
                    >
                      24
                    </abbr>
                  </button>
                  <button
                    className="react-calendar__tile react-calendar__month-view__days__day react-calendar__month-view__days__day--weekend"
                    onClick={[Function]}
                    onFocus={[Function]}
                    onMouseOver={[Function]}
                    style={
                      Object {
                        "flexBasis": "14.285714285714286%",
                        "marginLeft": null,
                        "maxWidth": "14.285714285714286%",
                        "overflow": "hidden",
                      }
                    }
                    type="button"
                  >
                    <abbr
                      aria-label="January 25, 2020"
                    >
                      25
                    </abbr>
                  </button>
                  <button
                    className="react-calendar__tile react-calendar__month-view__days__day react-calendar__month-view__days__day--weekend"
                    onClick={[Function]}
                    onFocus={[Function]}
                    onMouseOver={[Function]}
                    style={
                      Object {
                        "flexBasis": "14.285714285714286%",
                        "marginLeft": null,
                        "maxWidth": "14.285714285714286%",
                        "overflow": "hidden",
                      }
                    }
                    type="button"
                  >
                    <abbr
                      aria-label="January 26, 2020"
                    >
                      26
                    </abbr>
                  </button>
                  <button
                    className="react-calendar__tile react-calendar__month-view__days__day"
                    onClick={[Function]}
                    onFocus={[Function]}
                    onMouseOver={[Function]}
                    style={
                      Object {
                        "flexBasis": "14.285714285714286%",
                        "marginLeft": null,
                        "maxWidth": "14.285714285714286%",
                        "overflow": "hidden",
                      }
                    }
                    type="button"
                  >
                    <abbr
                      aria-label="January 27, 2020"
                    >
                      27
                    </abbr>
                  </button>
                  <button
                    className="react-calendar__tile react-calendar__month-view__days__day"
                    onClick={[Function]}
                    onFocus={[Function]}
                    onMouseOver={[Function]}
                    style={
                      Object {
                        "flexBasis": "14.285714285714286%",
                        "marginLeft": null,
                        "maxWidth": "14.285714285714286%",
                        "overflow": "hidden",
                      }
                    }
                    type="button"
                  >
                    <abbr
                      aria-label="January 28, 2020"
                    >
                      28
                    </abbr>
                  </button>
                  <button
                    className="react-calendar__tile react-calendar__month-view__days__day"
                    onClick={[Function]}
                    onFocus={[Function]}
                    onMouseOver={[Function]}
                    style={
                      Object {
                        "flexBasis": "14.285714285714286%",
                        "marginLeft": null,
                        "maxWidth": "14.285714285714286%",
                        "overflow": "hidden",
                      }
                    }
                    type="button"
                  >
                    <abbr
                      aria-label="January 29, 2020"
                    >
                      29
                    </abbr>
                  </button>
                  <button
                    className="react-calendar__tile react-calendar__month-view__days__day"
                    onClick={[Function]}
                    onFocus={[Function]}
                    onMouseOver={[Function]}
                    style={
                      Object {
                        "flexBasis": "14.285714285714286%",
                        "marginLeft": null,
                        "maxWidth": "14.285714285714286%",
                        "overflow": "hidden",
                      }
                    }
                    type="button"
                  >
                    <abbr
                      aria-label="January 30, 2020"
                    >
                      30
                    </abbr>
                  </button>
                  <button
                    className="react-calendar__tile react-calendar__month-view__days__day"
                    onClick={[Function]}
                    onFocus={[Function]}
                    onMouseOver={[Function]}
                    style={
                      Object {
                        "flexBasis": "14.285714285714286%",
                        "marginLeft": null,
                        "maxWidth": "14.285714285714286%",
                        "overflow": "hidden",
                      }
                    }
                    type="button"
                  >
                    <abbr
                      aria-label="January 31, 2020"
                    >
                      31
                    </abbr>
                  </button>
                  <button
                    className="react-calendar__tile react-calendar__month-view__days__day react-calendar__month-view__days__day--weekend react-calendar__month-view__days__day--neighboringMonth"
                    onClick={[Function]}
                    onFocus={[Function]}
                    onMouseOver={[Function]}
                    style={
                      Object {
                        "flexBasis": "14.285714285714286%",
                        "marginLeft": null,
                        "maxWidth": "14.285714285714286%",
                        "overflow": "hidden",
                      }
                    }
                    type="button"
                  >
                    <abbr
                      aria-label="February 1, 2020"
                    >
                      1
                    </abbr>
                  </button>
                  <button
                    className="react-calendar__tile react-calendar__month-view__days__day react-calendar__month-view__days__day--weekend react-calendar__month-view__days__day--neighboringMonth"
                    onClick={[Function]}
                    onFocus={[Function]}
                    onMouseOver={[Function]}
                    style={
                      Object {
                        "flexBasis": "14.285714285714286%",
                        "marginLeft": null,
                        "maxWidth": "14.285714285714286%",
                        "overflow": "hidden",
                      }
                    }
                    type="button"
                  >
                    <abbr
                      aria-label="February 2, 2020"
                    >
                      2
                    </abbr>
                  </button>
                </div>
              </div>
            </div>
          </div>
        </div>
      </div>
    </div>
    <div
      className="form-reservation-row"
    >
      <div
        className="form-reservation-counter"
      >
        <p
          className="reservation-label"
        >
          Nombre de passager(s)
        </p>
        <div
          className="counter"
        >
          <button
            className="counter-button decrement-button"
            onClick={[Function]}
          >
            -
          </button>
          <h2
            className="counter-value"
          >
            0
          </h2>
          <button
            className="counter-button increment-button"
            onClick={[Function]}
          >
            +
          </button>
        </div>
      </div>
    </div>
    <input
      className="submitInput input-disabled"
      id="submitInput"
      type="submit"
      value="Valider"
    />
  </form>
</div>
`;
